2025-07-03 09:13:11,495 - INFO - Loading CSV...
2025-07-03 09:13:15,078 - INFO - Total params: 11,177,538
2025-07-03 11:25:59,466 - INFO - Epoch 1/100 | Train Loss: 0.6494, Train Acc: 62.56% | Val Loss: 0.6415, Val Acc: 63.03%
2025-07-03 11:25:59,474 - INFO - Confusion Matrix:
2025-07-03 11:25:59,474 - INFO - [[1976  502]
 [1330 1148]]
2025-07-03 11:25:59,475 - INFO - E accuracy 79.7%  |  I accuracy 46.3%
2025-07-03 11:25:59,922 - INFO - New best saved (63.03%)
2025-07-03 14:56:54,561 - INFO - Epoch 2/100 | Train Loss: 0.6206, Train Acc: 65.81% | Val Loss: 0.6034, Val Acc: 68.20%
2025-07-03 14:56:54,567 - INFO - Confusion Matrix:
2025-07-03 14:56:54,567 - INFO - [[1834  644]
 [ 932 1546]]
2025-07-03 14:56:54,567 - INFO - E accuracy 74.0%  |  I accuracy 62.4%
2025-07-03 14:56:55,061 - INFO - New best saved (68.20%)
2025-07-03 18:43:03,870 - INFO - Epoch 3/100 | Train Loss: 0.6094, Train Acc: 67.57% | Val Loss: 0.5919, Val Acc: 69.25%
2025-07-03 18:43:03,876 - INFO - Confusion Matrix:
2025-07-03 18:43:03,876 - INFO - [[2107  371]
 [1153 1325]]
2025-07-03 18:43:03,876 - INFO - E accuracy 85.0%  |  I accuracy 53.5%
2025-07-03 18:43:04,339 - INFO - New best saved (69.25%)
2025-07-03 22:34:14,392 - INFO - Epoch 4/100 | Train Loss: 0.5979, Train Acc: 68.82% | Val Loss: 0.5951, Val Acc: 68.66%
2025-07-03 22:34:14,398 - INFO - Confusion Matrix:
2025-07-03 22:34:14,398 - INFO - [[1696  782]
 [ 771 1707]]
2025-07-03 22:34:14,398 - INFO - E accuracy 68.4%  |  I accuracy 68.9%
2025-07-04 02:25:32,250 - INFO - Epoch 5/100 | Train Loss: 0.5929, Train Acc: 69.39% | Val Loss: 0.5702, Val Acc: 71.83%
2025-07-04 02:25:32,256 - INFO - Confusion Matrix:
2025-07-04 02:25:32,256 - INFO - [[1994  484]
 [ 912 1566]]
2025-07-04 02:25:32,256 - INFO - E accuracy 80.5%  |  I accuracy 63.2%
2025-07-04 02:25:32,703 - INFO - New best saved (71.83%)
2025-07-04 06:10:58,369 - INFO - Epoch 6/100 | Train Loss: 0.5867, Train Acc: 69.84% | Val Loss: 0.6184, Val Acc: 67.27%
2025-07-04 06:10:58,374 - INFO - Confusion Matrix:
2025-07-04 06:10:58,375 - INFO - [[2199  279]
 [1343 1135]]
2025-07-04 06:10:58,375 - INFO - E accuracy 88.7%  |  I accuracy 45.8%
2025-07-04 09:18:00,366 - INFO - Epoch 7/100 | Train Loss: 0.5808, Train Acc: 70.52% | Val Loss: 0.5977, Val Acc: 69.59%
2025-07-04 09:18:00,372 - INFO - Confusion Matrix:
2025-07-04 09:18:00,372 - INFO - [[2199  279]
 [1228 1250]]
2025-07-04 09:18:00,372 - INFO - E accuracy 88.7%  |  I accuracy 50.4%
2025-07-04 12:23:19,541 - INFO - Epoch 8/100 | Train Loss: 0.5787, Train Acc: 70.94% | Val Loss: 0.5763, Val Acc: 71.77%
2025-07-04 12:23:19,546 - INFO - Confusion Matrix:
2025-07-04 12:23:19,546 - INFO - [[1853  625]
 [ 774 1704]]
2025-07-04 12:23:19,546 - INFO - E accuracy 74.8%  |  I accuracy 68.8%
2025-07-04 15:31:15,397 - INFO - Epoch 9/100 | Train Loss: 0.5769, Train Acc: 71.40% | Val Loss: 0.5776, Val Acc: 72.28%
2025-07-04 15:31:15,403 - INFO - Confusion Matrix:
2025-07-04 15:31:15,403 - INFO - [[1923  555]
 [ 819 1659]]
2025-07-04 15:31:15,403 - INFO - E accuracy 77.6%  |  I accuracy 66.9%
2025-07-04 15:31:15,861 - INFO - New best saved (72.28%)
2025-07-04 18:57:34,495 - INFO - Epoch 10/100 | Train Loss: 0.5758, Train Acc: 71.16% | Val Loss: 0.5698, Val Acc: 71.31%
2025-07-04 18:57:34,500 - INFO - Confusion Matrix:
2025-07-04 18:57:34,501 - INFO - [[1975  503]
 [ 919 1559]]
2025-07-04 18:57:34,501 - INFO - E accuracy 79.7%  |  I accuracy 62.9%
2025-07-04 22:38:55,841 - INFO - Epoch 11/100 | Train Loss: 0.5723, Train Acc: 71.24% | Val Loss: 0.5777, Val Acc: 70.22%
2025-07-04 22:38:55,847 - INFO - Confusion Matrix:
2025-07-04 22:38:55,847 - INFO - [[1970  508]
 [ 968 1510]]
2025-07-04 22:38:55,848 - INFO - E accuracy 79.5%  |  I accuracy 60.9%
2025-07-05 02:10:13,521 - INFO - Epoch 12/100 | Train Loss: 0.5664, Train Acc: 71.51% | Val Loss: 0.5774, Val Acc: 71.31%
2025-07-05 02:10:13,526 - INFO - Confusion Matrix:
2025-07-05 02:10:13,526 - INFO - [[2072  406]
 [1016 1462]]
2025-07-05 02:10:13,526 - INFO - E accuracy 83.6%  |  I accuracy 59.0%
2025-07-05 06:21:31,682 - INFO - Epoch 13/100 | Train Loss: 0.5643, Train Acc: 72.41% | Val Loss: 0.5811, Val Acc: 71.53%
2025-07-05 06:21:31,688 - INFO - Confusion Matrix:
2025-07-05 06:21:31,688 - INFO - [[1857  621]
 [ 790 1688]]
2025-07-05 06:21:31,688 - INFO - E accuracy 74.9%  |  I accuracy 68.1%
2025-07-05 10:59:35,083 - INFO - Epoch 14/100 | Train Loss: 0.5473, Train Acc: 73.82% | Val Loss: 0.5685, Val Acc: 72.64%
2025-07-05 10:59:35,089 - INFO - Confusion Matrix:
2025-07-05 10:59:35,089 - INFO - [[1823  655]
 [ 701 1777]]
2025-07-05 10:59:35,089 - INFO - E accuracy 73.6%  |  I accuracy 71.7%
2025-07-05 10:59:35,539 - INFO - New best saved (72.64%)
2025-07-05 16:03:59,386 - INFO - Epoch 15/100 | Train Loss: 0.5377, Train Acc: 74.41% | Val Loss: 0.5573, Val Acc: 73.02%
2025-07-05 16:03:59,392 - INFO - Confusion Matrix:
2025-07-05 16:03:59,392 - INFO - [[1967  511]
 [ 826 1652]]
2025-07-05 16:03:59,392 - INFO - E accuracy 79.4%  |  I accuracy 66.7%
2025-07-05 16:03:59,858 - INFO - New best saved (73.02%)
2025-07-05 21:38:42,704 - INFO - Epoch 16/100 | Train Loss: 0.5295, Train Acc: 74.83% | Val Loss: 0.5674, Val Acc: 72.66%
2025-07-05 21:38:42,710 - INFO - Confusion Matrix:
2025-07-05 21:38:42,710 - INFO - [[1970  508]
 [ 847 1631]]
2025-07-05 21:38:42,710 - INFO - E accuracy 79.5%  |  I accuracy 65.8%
2025-07-06 03:41:24,943 - INFO - Epoch 17/100 | Train Loss: 0.5249, Train Acc: 75.51% | Val Loss: 0.5749, Val Acc: 72.46%
2025-07-06 03:41:24,949 - INFO - Confusion Matrix:
2025-07-06 03:41:24,949 - INFO - [[1985  493]
 [ 872 1606]]
2025-07-06 03:41:24,949 - INFO - E accuracy 80.1%  |  I accuracy 64.8%
2025-07-06 09:57:04,888 - INFO - Epoch 18/100 | Train Loss: 0.5206, Train Acc: 75.42% | Val Loss: 0.5841, Val Acc: 70.92%
2025-07-06 09:57:04,893 - INFO - Confusion Matrix:
2025-07-06 09:57:04,893 - INFO - [[1737  741]
 [ 700 1778]]
2025-07-06 09:57:04,893 - INFO - E accuracy 70.1%  |  I accuracy 71.8%
